// Vitest Snapshot v1, https://vitest.dev/guide/snapshot.html

exports[`renders snapshot correctly 1`] = `
<div>
  <div
    class="sc-dkrFOg hmHHOD"
  >
    <a
      class="sc-ftTHYK PBCua"
    >
      <div
        class="sc-hLBbgP"
      />
      <div
        class="sc-eDvSVe jEFxeW"
      />
    </a>
  </div>
</div>
`;
