// Jest Snapshot v1, https://goo.gl/fbAQLP

exports[`renders snapshot correctly 1`] = `
<button
  className="sc-gsDKAQ kxYzWu"
  disabled={false}
  onClick={[Function]}
  onMouseDown={[Function]}
  onMouseUp={[Function]}
  size="small"
>
  <span
    className="sc-bdvvtL jvqAQd"
  >
    Button Label
  </span>
</button>
`;
