// Jest Snapshot v1, https://goo.gl/fbAQLP

exports[`renders snapshot correctly 1`] = `
<div
  className="sc-jRQBWg"
>
  <div
    className="sc-furwcr jagnNY"
  >
    <span
      className="sc-gKclnd"
    />
    <div
      className="sc-eCImPb jkgHCk"
    >
      <input
        className="sc-dkPtRN bkDfqQ"
        onChange={[Function]}
      />
    </div>
  </div>
  <div
    className="sc-eCImPb jkgHCk"
  >
    <input
      className="sc-dkPtRN bkDfqQ"
      onChange={[Function]}
      type="password"
    />
  </div>
  <button
    className="sc-gsDKAQ fImbrD sc-iCfMLu"
    onClick={[Function]}
    onMouseDown={[Function]}
    onMouseUp={[Function]}
    size="small"
  >
    <span
      className="sc-bdvvtL jvqAQd"
    >
      Submit
    </span>
  </button>
</div>
`;
