// Vitest Snapshot v1, https://vitest.dev/guide/snapshot.html

exports[`renders without crashing 1`] = `
<div>
  <div
    class="sc-bBABsx kkchgb"
  >
    <div>
      <div
        class="sc-hBxehG kesgI"
      >
        <div
          class="sc-ksBlkl jjOdde"
        />
      </div>
      <div
        class="sc-idXgbr jNHMWW"
      >
        <span
          class="sc-eDWCr kpbSzz"
        >
          <div>
            <span
              class="sc-csuSiG eGNmmC"
            >
              Working with the following technologies:
            </span>
            <div
              class="sc-dIfARi chuKZs"
            />
          </div>
        </span>
      </div>
    </div>
  </div>
</div>
`;
