// Jest Snapshot v1, https://goo.gl/fbAQLP

exports[`renders snapshot correctly 1`] = `
<div
  className="sc-fKVqWL fTaamn"
>
  <button
    className="sc-gsDKAQ fnJyRH sc-dlVxhl"
    disabled={true}
    onClick={[Function]}
    onMouseDown={[Function]}
    onMouseUp={[Function]}
    size="large"
  >
    <span
      className="sc-bdvvtL bBtbgR"
      disabled={true}
    >
      Submit
    </span>
  </button>
</div>
`;
