// Jest Snapshot v1, https://goo.gl/fbAQLP

exports[`renders snapshot correctly 1`] = `
<div
  className="sc-cTAqQK JEEQx"
>
  <div
    className="sc-pVTFL fZkDsV sc-cNKqjZ kamXpZ"
  >
    <button
      className="sc-gsDKAQ iaEwku"
      disabled={true}
      onClick={[Function]}
      onMouseDown={[Function]}
      onMouseUp={[Function]}
      size="small"
    >
      <span
        className="sc-bdvvtL bBtbgR"
        disabled={true}
      >
        Go back
      </span>
    </button>
  </div>
  <div
    className="sc-dPiLbb cjviQd"
  >
    <div
      className="sc-bBHHxi jRXEDh"
    >
      <div
        className="sc-bBHxTw ikbiBh sc-jObWnj"
        disabled={false}
      >
        <div
          className="sc-bBHxTw ikbiBh"
        >
          <div
            className="sc-crHmcD kPueqM"
          >
            <span
              className="sc-iqseJM"
            >
              Test
            </span>
            <input
              className="sc-kDTinF jwmmwC"
              disabled={false}
              onChange={[Function]}
              placeholder="Nickname Placeholder"
            />
          </div>
        </div>
        <div
          className="sc-dJjYzT jmUbCF"
        >
          <div
            className="sc-hGPBjI hbMLfX"
          >
            <div
              className="sc-crHmcD kPueqM"
            >
              <span
                className="sc-iqseJM"
              >
                PwLabel
              </span>
              <input
                className="sc-kDTinF jwmmwC"
                disabled={false}
                onChange={[Function]}
                placeholder="Pw Placeholder"
                type="password"
              />
            </div>
            <span
              className="sc-dlVxhl bCZOYK"
              title="We Recommend a minimum 8 characters, at least one uppercase letter, one lowercase letter, one number and one special character"
            />
          </div>
          <button
            className="sc-gsDKAQ fnJyRH sc-fKVqWL kTJQzz"
            disabled={true}
            onClick={[Function]}
            onMouseDown={[Function]}
            onMouseUp={[Function]}
            size="large"
          >
            <span
              className="sc-bdvvtL bBtbgR"
              disabled={true}
            >
              Display Password
            </span>
          </button>
        </div>
        <div
          className="sc-crHmcD kPueqM"
        >
          <span
            className="sc-iqseJM"
          >
            Repeat PwLabel
          </span>
          <input
            className="sc-kDTinF jwmmwC"
            disabled={false}
            onChange={[Function]}
            placeholder="Please repeat your password here"
            type="password"
          />
        </div>
        <button
          className="sc-gsDKAQ fnJyRH sc-kfPuZi"
          disabled={true}
          onClick={[Function]}
          onMouseDown={[Function]}
          onMouseUp={[Function]}
          size="large"
        >
          <span
            className="sc-bdvvtL bBtbgR"
            disabled={true}
          >
            Submit
          </span>
        </button>
      </div>
    </div>
  </div>
</div>
`;
