// Jest Snapshot v1, https://goo.gl/fbAQLP

exports[`renders snapshot correctly 1`] = `
<div
  className="sc-hiCibw eFTvDO"
>
  <div
    className="sc-pVTFL jvgrHT sc-caiLqq kMGFda"
  >
    <button
      className="sc-gsDKAQ hTByPO"
      onClick={[Function]}
      onMouseDown={[Function]}
      onMouseUp={[Function]}
      size="small"
    >
      <span
        className="sc-bdvvtL jvqAQd"
      >
        Go back
      </span>
    </button>
  </div>
  <div
    className="sc-cidDSM Fzgay"
  >
    <div
      className="sc-jcFjpl ddZPJx"
    >
      <div
        className="sc-dlVxhl ibdHyQ sc-gWXbKe"
        disabled={false}
      >
        <div
          className="sc-dlVxhl ibdHyQ"
        >
          <div
            className="sc-crHmcD bpGfaf"
          >
            <span
              className="sc-iqseJM"
            >
              Test
            </span>
            <input
              className="sc-kDTinF cJFIgF"
              disabled={false}
              onChange={[Function]}
              placeholder="Nickname Placeholder"
            />
          </div>
        </div>
        <div
          className="sc-fFeiMQ ihZpNj"
        >
          <div
            className="sc-bkkeKt gcgxj"
          >
            <div
              className="sc-crHmcD bpGfaf"
            >
              <span
                className="sc-iqseJM"
              >
                PwLabel
              </span>
              <input
                className="sc-kDTinF cJFIgF"
                disabled={false}
                onChange={[Function]}
                placeholder="Pw Placeholder"
                type="password"
              />
            </div>
            <span
              className="sc-ieecCq kMpBMZ"
            />
          </div>
          <button
            className="sc-gsDKAQ hDLjCu sc-hGPBjI gZSpxY"
            disabled={true}
            onClick={[Function]}
            onMouseDown={[Function]}
            onMouseUp={[Function]}
            size="large"
          >
            <span
              className="sc-bdvvtL jvqAQd"
              disabled={true}
            >
              Display Password
            </span>
          </button>
        </div>
        <div
          className="sc-crHmcD bpGfaf"
        >
          <span
            className="sc-iqseJM"
          >
            Repeat PwLabel
          </span>
          <input
            className="sc-kDTinF cJFIgF"
            disabled={false}
            onChange={[Function]}
            placeholder="Please repeat your PwLabel"
            type="password"
          />
        </div>
        <button
          className="sc-gsDKAQ joOHgp sc-dJjYzT"
          disabled={true}
          onClick={[Function]}
          onMouseDown={[Function]}
          onMouseUp={[Function]}
          size="small"
        >
          <span
            className="sc-bdvvtL jvqAQd"
            disabled={true}
          >
            Submit
          </span>
        </button>
      </div>
    </div>
  </div>
</div>
`;
