// Jest Snapshot v1, https://goo.gl/fbAQLP

exports[`renders snapshot correctly 1`] = `
<div
  className="sc-khQegj cMZhuy"
>
  <div
    className="sc-kDTinF ldgdUZ sc-lbhJGD bJHfCD"
  >
    <button
      className="sc-gsDKAQ dWwrqJ"
      disabled={false}
      onClick={[Function]}
      onMouseDown={[Function]}
      onMouseUp={[Function]}
      size="large"
    >
      <span
        className="sc-bdvvtL bBtbgR"
      >
        Projects
      </span>
    </button>
  </div>
  <div
    className="sc-hUpaCq bLAvgS"
  >
    <div
      className="sc-jgrJph cAFptD"
    >
      <div
        className="sc-gSQFLo heyYeb"
      >
        <div
          className="sc-hGPBjI byrrBT"
        >
          <img
            className="sc-hBUSln fnBayr"
            src="/images/me.jpg"
          />
          <span
            className="sc-bqiRlB bXavAW"
          >
            Frontend Web Developer
          </span>
          <div
            className="sc-fFeiMQ bYMnry"
          >
            <span
              className="sc-ksdxgE irVacH"
            >
              <span>
                Hi! I use React & Typescript to build a lot of cool things.
              </span>
              <div>
                Working at:
                <a
                  className="sc-fotOHu cGBxXN"
                  href="https://boost-it.pt/pt/"
                >
                  Boost-IT
                </a>
              </div>
            </span>
          </div>
          <div
            className="sc-bkkeKt jenwIc"
          >
            <div
              className="sc-dkPtRN fbREkk sc-ieecCq dJa-Drv"
            >
              <a
                className="sc-furwcr kAKVlc"
                href="https://www.linkedin.com/in/manuel-correia2209/"
              >
                <div
                  className="sc-hKwDye"
                >
                  <img
                    className="sc-jRQBWg iJpBIl"
                    src="https://hermes.digitalinnovation.one/articles/cover/669b63fe-912d-484c-b313-95a46a8ee25e.png"
                  />
                </div>
                <div
                  className="sc-eCImPb gowWbJ"
                >
                  <span
                    className="sc-gKclnd hiMkCC"
                  >
                    LinkedIn
                  </span>
                  
                </div>
              </a>
            </div>
            <div
              className="sc-dkPtRN fbREkk sc-ieecCq dJa-Drv"
            >
              <a
                className="sc-furwcr kAKVlc"
                href="https://github.com/manuelc2209/react-ui"
              >
                <div
                  className="sc-hKwDye"
                >
                  <img
                    className="sc-jRQBWg iJpBIl"
                    src="https://hermes.digitalinnovation.one/articles/cover/7b4fbb1d-f57a-4420-9209-ee976b171bdf.jpg"
                  />
                </div>
                <div
                  className="sc-eCImPb gowWbJ"
                >
                  <span
                    className="sc-gKclnd hiMkCC"
                  >
                    Github
                  </span>
                  
                </div>
              </a>
            </div>
          </div>
        </div>
      </div>
    </div>
  </div>
</div>
`;
