// Jest Snapshot v1, https://goo.gl/fbAQLP

exports[`renders snapshot correctly 1`] = `
<div
  className="sc-hBUSln hpsNsL"
>
  <div
    className="sc-dkPtRN bRyejr sc-fFeiMQ hSkUZU"
  >
    <button
      className="sc-gsDKAQ fImbrD"
      onClick={[Function]}
      onMouseDown={[Function]}
      onMouseUp={[Function]}
      size="small"
    >
      <span
        className="sc-bdvvtL jvqAQd"
      >
        Log in
      </span>
    </button>
    <button
      className="sc-gsDKAQ fImbrD"
      onClick={[Function]}
      onMouseDown={[Function]}
      onMouseUp={[Function]}
      size="small"
    >
      <span
        className="sc-bdvvtL jvqAQd"
      >
        Sign up
      </span>
    </button>
  </div>
</div>
`;
