// Jest Snapshot v1, https://goo.gl/fbAQLP

exports[`renders snapshot correctly 1`] = `
<div
  className="sc-crHmcD"
>
  <div
    className="sc-ksdxgE jgiOCB"
  >
    <div
      className="sc-iqseJM jIljjx"
    >
      <input
        className="sc-jrQzAO eGrRgi"
        onChange={[Function]}
      />
    </div>
  </div>
  <div
    className="sc-iqseJM jIljjx"
  >
    <input
      className="sc-jrQzAO eGrRgi"
      onChange={[Function]}
      type="password"
    />
  </div>
  <button
    className="sc-gsDKAQ hTByPO sc-bqiRlB"
    onClick={[Function]}
    onMouseDown={[Function]}
    onMouseUp={[Function]}
    size="small"
  >
    <span
      className="sc-bdvvtL jvqAQd"
    >
      Submit
    </span>
  </button>
</div>
`;
