// Jest Snapshot v1, https://goo.gl/fbAQLP

exports[`renders snapshot correctly 1`] = `
<div
  className="sc-egiyK"
>
  <div
    className="sc-hBUSln jCHsmZ"
  >
    <div
      className="sc-crHmcD bpGfaf"
    >
      <input
        className="sc-kDTinF cJFIgF"
        onChange={[Function]}
      />
    </div>
  </div>
  <div
    className="sc-crHmcD bpGfaf"
  >
    <input
      className="sc-kDTinF cJFIgF"
      onChange={[Function]}
      type="password"
    />
  </div>
  <button
    className="sc-gsDKAQ hTByPO sc-ksdxgE"
    onClick={[Function]}
    onMouseDown={[Function]}
    onMouseUp={[Function]}
    size="small"
  >
    <span
      className="sc-bdvvtL jvqAQd"
    >
      Submit
    </span>
  </button>
</div>
`;
