// Jest Snapshot v1, https://goo.gl/fbAQLP

exports[`renders snapshot correctly 1`] = `
<div
  className="sc-crHmcD"
>
  <span
    className="sc-hBUSln fWTEly"
  >
    Welcome back!
  </span>
  <div
    className="sc-ksdxgE hserqW"
  >
    <div
      className="sc-iqseJM iQGhqy"
    >
      <input
        className="sc-jrQzAO kMKPVx"
        onChange={[Function]}
      />
    </div>
  </div>
  <div
    className="sc-iqseJM iQGhqy"
  >
    <input
      className="sc-jrQzAO kMKPVx"
      onChange={[Function]}
      type="password"
    />
  </div>
  <div
    className="sc-fotOHu iHqpxl"
  >
    <button
      className="sc-gsDKAQ dWwrqJ sc-bqiRlB"
      disabled={false}
      onClick={[Function]}
      onMouseDown={[Function]}
      onMouseUp={[Function]}
      size="large"
    >
      <span
        className="sc-bdvvtL bBtbgR"
      >
        Submit
      </span>
    </button>
    <a
      className="sc-fFeiMQ cDAoKX"
      href="#"
    >
      Forgot Password?
    </a>
  </div>
</div>
`;
